1	经过一夜的暴风雨后，这天早晨，天气变得晴朗清新
	12	14	0.9130
2	小狐狸在森林中探索着新地方，走到了一条小溪边
	15	16	0.9545
3	这条小溪不是特别宽，也没有特别深，不过刚好够宽够深，让小狐狸没办法到对岸去
	17	22	0.8919
4	我想知道，小狐狸自言自语，我只是想知道，对岸有什么呢？
	23	26	0.8148
5	你最好不要去对岸,松鼠警告他.
	27	28	0.8000
