0	经过一夜的暴风雨后，这天早晨，天气变得晴朗清新
	12	14	42.4090	49.3850	0.91	0.91
1	小狐狸在森林中探索着新地方，走到了一条小溪边
	15	16	49.5603	55.5984	0.95	1.87
2	这条小溪不是特别宽，也没有特别深，不过刚好够宽够深，让小狐狸没办法到对岸去
	17	22	56.0721	68.4301	0.89	2.76
3	我想知道，小狐狸自言自语，我只是想知道，对岸有什么呢？
	23	26	69.6712	78.6188	0.81	3.57
4	你最好不要去对岸,松鼠警告他.
	27	28	79.1671	83.9049	0.80	4.37
5	为什么不能去,小狐狸问.
	29	30	84.3786	88.3492	0.83	5.21
6	对岸有一个巫婆，他会在你还来不及应变时，就把你变成一根芦笋.
	31	32	88.4712	94.4879	0.73	5.94
7	你去过对岸吗？小狐狸问.
	33	34	95.6757	99.6142	0.75	6.69
8	当然没有,松鼠说，那里实在太危险了，我最后还是留在这里
	35	38	99.4911	108.5666	0.70	7.39
9	小狐狸沿着小溪边往前走，边自言自语，听起来，对岸是个很可怕的地方.
	39	40	109.3920	118.2437	0.73	8.12
10	小小小小小小小小小小小小小小小小小小小小小小小小小
	85	85	254.3034	260.5013	0.12	8.24
11	小小小小小小小小小小小小小小小小小小小小小小小小小
	116	116	353.3231	359.2333	0.12	8.36
12	小小小小小小小小小小小小小小小小小小小小小小小小小
	-1	-1	-1.0000	-1.0000	0.00	8.36
13	小小小小小小小小小小小小小小小小小小小小小小小小小
	0	0	0.1730	3.3868	0.08	8.44
14	你说的一点儿也没错，獾说，对岸住着一个可怕的大怪物，
	41	43	118.8240	127.5691	0.73	9.17
15	牙齿像锋利的石块，还有一只会喷火的龙.
	44	45	127.4034	133.3882	0.74	9.91
16	你去过对岸吗？小狐狸问.
	46	47	134.3201	138.3866	0.75	10.66
17	獾猛摇头说，如果我去过对岸，就不可能还好好的在这里跟你说话了
	48	49	138.6471	146.9659	0.77	11.43
18	小狐狸一边点头一边继续往前走
	50	50	148.1537	152.6678	1.00	12.43
19	就在这时候，小狐狸看到对岸坐着一只浣熊.
	51	53	154.0047	160.4478	0.75	13.18
20	嗨，你好，浣熊大叫，天啊，你真的好勇敢.
	54	56	161.7848	169.3576	0.65	13.83
21	勇敢，为什么这么说？小狐狸吃惊地问.
	57	59	169.8099	175.3045	0.83	14.66
22	你竟敢呆在危险的对岸呢？那里到处是可恶的强盗，坏脾气的巨人和凶狠的武士，你还活着，真的太让我惊讶了
	60	64	176.3537	191.1630	0.82	15.48
23	浣熊发抖着说，这里才没有你说的那些呢
	65	66	191.1784	197.9199	0.83	16.31
24	小狐狸大叫，小狐狸接着说，害怕的应该是你才对.
	67	69	198.1059	206.2222	0.74	17.05
25	在你住的森林里，有龙有大怪物，还有一个会在你还来不及应变时，就把你变成芦笋的巫婆，
	70	71	205.9925	216.0591	0.73	17.78
26	根本不是这样的呀,浣熊惊讶地说，
	72	73	216.9591	221.6011	0.69	18.47
27	我们的森林很可爱，有很多友善的动物，你自己过来看看就知道啦，我还真想过去
	74	77	221.4140	232.3120	0.89	19.36
28	小狐狸说，可是怎样才能过去呢？
	78	79	232.5619	237.2678	0.87	20.22
29	他继续沿着小溪往前走，一直走到一处拐弯的地方，
	80	81	238.1358	244.6215	0.91	21.14
30	就在这里有一颗可能是在昨晚的暴风雨中倒下的树，正好架到了对岸，住在小溪里的河狸已经把这棵树上，大大小小的好多树枝都搬去住他的水坝了
	82	86	246.1716	262.6861	0.89	22.03
31	小狐狸踏上这棵横倒的树干，小心地往对岸走去
	87	88	263.9485	270.4555	0.76	22.79
32	浣熊迎接小狐狸过来，带他参观整个森林，欣赏森林里最美的风景，还告诉他所有的古老传说
	89	91	272.5065	283.5430	0.83	23.62
33	很久很久以前，浣熊说，有个巫婆住在这个森林里，他最喜欢吃芦笋，所以把整片田都种满了芦笋，
	92	96	284.0807	298.7941	0.84	24.46
34	小狐狸笑着说，哼哼，龙后来到底怎样了呢？
	109	109	337.6990	340.2734	0.40	24.86
35	哦，浣熊说，它飞走了，谁也不知道飞到哪里去了，这个故事也就结束了
	110	114	340.4274	348.5117	0.81	25.67
36	说完，他们两个都笑了起来
	115	115	348.6444	351.7730	0.92	26.59
37	浣熊又跟着小狐狸一起跨过小溪，到了小狐狸的森林，小狐狸带浣熊欣赏了森林里最美的风景，
	116	117	353.3231	363.7734	0.74	27.33
38	还告诉他所有的古老传说，很久很久以前，有个巨人住在那里
	118	119	363.4585	371.1805	0.85	28.18
39	小狐狸指着一处古城堡的废墟说，还有一群强盗，住在森林附近，
	120	121	371.5689	379.9410	0.79	28.97
40	有一天，一位武士来到森林，为了证明自己的勇猛，他决定把巨人杀死，赶走那群强盗，
	122	125	381.4059	390.7478	0.85	29.82
41	武士想出一个聪明的办法，他告诉强盗，巨人的城堡里藏着宝藏，又告诉巨人城堡外的那群强盗计划来夺取宝藏
	126	129	390.9657	404.7519	0.82	30.64
42	巨人和强盗因此互相攻打，直到双方都没有力气啦，武士就把他们都抓到一艘船上，让它们顺着河流漂走，从那以后，再也没听到他们的消息了
	130	134	406.7603	422.4968	0.79	31.43
43	武士后来怎样了呢？浣熊问武士和公主结婚，当上了国王小狐狸和浣熊一起度过了美好的下午
	135	138	423.5034	437.8224	0.71	32.14
44	第二天早上，两岸森林里的所有动物都聚集到了树干桥边，
	139	139	438.7117	445.2827	0.92	33.06
45	得知小狐狸和浣熊曾经走到对岸，又安全返回后，每一只动物都想试试看，他们来来回回跑来跑去，还比较着哪边更美丽
	140	142	445.3834	459.3401	0.85	33.91
46	现在只有一个问题，这么多动物，都想从窄窄的树干桥走到对岸，挤来挤去野兔差一点儿被挤下水去，因此河狸提议
	143	146	460.0056	475.8458	0.88	34.79
47	他可以教大家建议做更合适的桥
	147	147	475.5154	479.3444	1.00	35.79
48	动物们一起努力
	-1	-1	-1.0000	-1.0000	0.00	35.79
49	桥当天下午就建好了
	114	114	346.2464	348.5117	0.22	36.01
50	当太阳从小狐狸这边的森林下沉时，夕阳的光辉照耀着浣熊那边森林的树梢好像火在烧一样，
	149	151	486.3086	496.8122	0.73	36.74
51	动物们坐在新建好的桥上，讲着巫婆，龙，巨人和大怪物的故事，
	152	154	497.4884	505.9138	0.62	37.37
52	再也没有谁会害怕了
	155	155	505.7907	509.2922	0.89	38.25

==============================================
10	小小小小小小小小小小小小小小小小小小小小小小小小小
	85	85	254.3034	260.5013	0.12	8.24
11	小小小小小小小小小小小小小小小小小小小小小小小小小
	116	116	353.3231	359.2333	0.12	8.36
12	小小小小小小小小小小小小小小小小小小小小小小小小小
	-1	-1	-1.0000	-1.0000	0.00	8.36
34	小狐狸笑着说，哼哼，龙后来到底怎样了呢？
	109	109	337.6990	340.2734	0.40	24.86
48	动物们一起努力
	-1	-1	-1.0000	-1.0000	0.00	35.79
49	桥当天下午就建好了
	114	114	346.2464	348.5117	0.22	36.01
